// Jest Snapshot v1, https://goo.gl/fbAQLP

exports[`loader should throw error #1: errors 1`] = `
Array [
  "ModuleBuildError: Module build failed (from \`replaced original path\`):
NonErrorEmittedError: (Emitted value instead of an instance of Error) SyntaxError: Cannot use import statement outside a module",
]
`;

exports[`loader should throw error #1: warnings 1`] = `Array []`;

exports[`loader should throw error #2: errors 1`] = `
Array [
  "ModuleBuildError: Module build failed (from \`replaced original path\`):
NonErrorEmittedError: (Emitted value instead of an instance of Error) SyntaxError: Cannot use import statement outside a module",
]
`;

exports[`loader should throw error #2: warnings 1`] = `Array []`;
